中间数据集/按品类的日粒度时序数据集/水生根茎类.csv
日期,销量(千克),销售单价(元/千克),批发价格(元/千克),损耗率_品类,成本加成定价
2020-07-01,4.85,13.973333333333333,8.820666666666666,13.65,13.875833333333334
2020-07-02,4.6,11.971428571428572,7.458571428571429,13.65,11.971428571428572
2020-07-03,9.572000000000001,8.2,5.61,13.65,8.108749999999999
2020-07-05,4.019,10.0,5.419999999999999,13.65,9.485
2020-07-06,3.089,9.972727272727273,5.45,13.65,9.5375
2020-07-07,3.117,10.0,5.46,13.65,9.555
2020-07-09,2.106,10.0,5.47,13.65,9.5725
2020-07-10,9.025,13.610714285714286,7.601428571428571,13.65,13.279285714285715
2020-07-11,8.928,14.482608695652175,8.219565217391304,13.65,14.214673913043478
2020-07-12,13.994,17.830555555555556,11.746111111111112,13.65,17.609861111111112
2020-07-13,11.605,13.819354838709677,7.838709677419355,13.65,13.516129032258064
2020-07-14,9.007,14.859090909090908,7.498181818181819,13.65,13.121818181818183
2020-07-15,10.238,14.066666666666668,7.195,13.65,12.525833333333333
2020-07-16,11.354,13.863333333333333,7.086666666666667,13.65,12.378166666666667
2020-07-17,10.727,14.137931034482758,7.199310344827587,13.65,12.598793103448276
2020-07-18,10.418,14.049999999999999,7.3625,13.65,12.8046875
2020-07-19,11.124,13.912,7.280399999999999,13.65,12.6685
2020-07-20,9.548,13.308695652173913,7.109565217391305,13.65,11.98521739130435
2020-07-21,12.744,16.599999999999998,9.967586206896552,13.65,15.43491379310345
2020-07-22,10.85,16.353333333333335,8.621333333333332,13.65,14.567333333333332
2020-07-23,30.417,10.443589743589744,5.374102564102564,13.65,9.32673076923077
2020-07-24,11.74,17.26896551724138,9.699310344827586,13.65,16.041379310344826
2020-07-25,10.424,14.356521739130434,7.765217391304348,13.65,13.160869565217391
2020-07-26,12.988,19.208333333333332,11.658888888888889,13.65,18.38888888888889
2020-07-27,17.265,15.784615384615385,10.033333333333333,13.65,15.360576923076923
2020-07-28,13.959,11.952941176470588,7.221764705882354,13.65,11.808676470588235
2020-07-29,18.597,12.276470588235293,7.251470588235295,13.65,11.862132352941176
2020-07-31,19.062,11.405405405405405,7.496756756756756,13.65,11.220945945945946
2020-08-01,21.432,11.193181818181818,7.557954545454546,13.65,11.040056818181817
2020-08-02,56.154,11.712149532710281,8.038598130841121,13.65,11.649182242990655
2020-08-04,26.208,13.392156862745098,8.610980392156863,13.65,13.157450980392156
2020-08-05,21.451999999999998,12.799999999999999,8.313157894736841,13.65,12.798026315789473
2020-08-06,19.115000000000002,12.211111111111112,7.981111111111111,13.65,12.1725
2020-08-07,25.415,14.032,9.0568,13.65,13.8554
2020-08-08,27.461,12.836363636363636,8.197272727272727,13.65,12.659772727272728
2020-08-09,25.9,12.645614035087718,8.581228070175438,13.65,12.52982456140351
2020-08-10,30.683,11.68125,7.3946875,13.65,11.6259375
2020-08-12,27.355,12.336842105263159,7.912105263157895,13.65,12.233026315789473
2020-08-13,19.324,13.154545454545454,8.61909090909091,13.65,12.972045454545453
2020-08-14,29.991,10.282,6.239,13.65,9.97025
2020-08-17,15.916,12.4875,8.38125,13.65,12.4875
2020-08-18,21.753,10.263157894736842,7.022105263157894,13.65,10.263157894736842
2020-08-19,17.95,11.045714285714286,7.323142857142857,13.65,11.045714285714286
2020-08-20,22.966,10.816666666666668,7.19,13.65,10.7325
2020-08-21,34.598,9.175925925925927,5.875,13.65,8.884027777777778
2020-08-22,42.772,10.238888888888889,7.007407407407407,13.65,10.165
2020-08-23,46.057,9.760344827586207,6.4862068965517246,13.65,9.50086206896552
2020-08-24,20.305,10.935135135135136,7.048108108108107,13.65,10.611824324324324
2020-08-26,18.95,11.73846153846154,7.824871794871795,13.65,11.574615384615385
2020-08-29,65.814,8.469090909090909,5.711636363636363,13.65,8.469090909090909
2020-08-30,30.005,10.883870967741935,6.823870967741935,13.65,10.684516129032257
2020-08-31,52.949,9.061363636363636,6.135113636363636,13.65,8.967727272727272
2020-09-02,17.941,9.347058823529412,6.258823529411764,13.65,9.044117647058824
2020-09-03,15.996,8.774193548387096,5.684193548387097,13.65,8.368709677419355
2020-09-04,16.635,9.405405405405405,5.477567567567567,13.65,8.28195945945946
2020-09-06,46.963,7.7185185185185174,5.1940740740740745,13.65,7.60074074074074
2020-09-07,38.926,7.85,5.19296875,13.65,7.611132812499999
2020-09-08,19.127,8.0,5.2,13.65,8.0
2020-09-09,12.161,9.0,5.5616666666666665,13.65,8.232916666666666
2020-09-10,14.492,8.642857142857142,5.5753571428571425,13.65,8.149732142857143
2020-09-12,16.957,8.0,5.6,13.65,8.0
2020-09-15,19.219,10.266666666666667,5.777555555555556,13.65,8.990722222222221
2020-09-16,18.818,7.777777777777778,5.780555555555555,13.65,7.510416666666667
2020-09-17,17.437,7.0,5.5,13.65,7.0
2020-09-18,11.389,8.166666666666666,5.786666666666666,13.65,7.895416666666666
2020-09-19,39.431,8.441176470588236,5.686176470588236,13.65,8.331801470588236
2020-09-20,39.551,8.375,5.82125,13.65,8.3028125
2020-09-21,16.289,8.0,5.77,13.65,8.0
2020-09-22,37.808,8.454545454545455,6.00878787878788,13.65,8.454545454545455
2020-09-23,18.629,9.0,7.333333333333333,13.65,9.0
2020-09-24,51.886,8.0,5.678,13.65,8.0
2020-09-26,65.744,8.424778761061948,5.960707964601769,13.65,8.424778761061948
2020-09-27,28.289,8.489795918367347,5.981224489795918,13.65,8.489795918367347
2020-09-28,11.860999999999999,8.75,6.078749999999999,13.65,8.75
2020-09-29,24.135,8.5,5.974166666666666,13.65,8.483958333333334
2020-09-30,36.839,8.452830188679245,5.930566037735849,13.65,8.390754716981132
2020-10-01,55.356,8.318181818181818,5.881136363636363,13.65,8.313011363636363
2020-10-02,21.931,8.972972972972974,5.975135135135135,13.65,8.829459459459459
2020-10-03,18.497,8.666666666666666,5.88,13.65,8.378888888888888
2020-10-04,19.253999999999998,8.413793103448276,5.813448275862069,13.65,8.24594827586207
2020-10-05,79.752,8.372881355932204,5.811186440677966,13.65,8.22
2020-10-07,52.907,8.070588235294117,5.802588235294118,13.65,8.031588235294118
2020-10-08,31.952,8.30188679245283,5.805283018867924,13.65,8.171509433962266
2020-10-09,51.476,8.0,5.793846153846153,13.65,7.9180769230769235
2020-10-10,22.07,8.108108108108109,5.790810810810811,13.65,8.042027027027027
2020-10-11,57.223,8.08421052631579,5.684947368421053,13.65,8.032368421052633
2020-10-12,38.333,7.966666666666667,5.774166666666667,13.65,7.767291666666667
2020-10-13,50.519,8.0,5.768636363636364,13.65,7.882045454545454
2020-10-14,46.207,8.0,5.66,13.65,8.0
2020-10-15,42.162,7.7846153846153845,5.8,13.65,7.7846153846153845
2020-10-16,58.973,7.802469135802469,5.8,13.65,7.802469135802469
2020-10-17,87.12,7.940298507462686,5.8,13.65,7.940298507462686
2020-10-18,79.338,7.901639344262295,5.8,13.65,7.901639344262295
2020-10-19,40.6,7.935483870967742,5.69,13.65,7.935483870967742
2020-10-20,49.434,7.866666666666666,5.71,13.65,7.866666666666666
2020-10-21,21.201,7.733333333333333,5.8,13.65,7.733333333333333
2020-10-22,35.917,7.666666666666667,5.8,13.65,7.666666666666667
2020-10-23,30.801,8.046511627906977,5.783488372093023,13.65,7.974593023255815
2020-10-24,67.932,7.775510204081633,5.6,13.65,7.775510204081633
2020-10-25,71.16,7.722222222222222,5.78,13.65,7.722222222222222
2020-10-26,20.666,8.0,5.8,13.65,8.0
2020-10-27,21.273,7.9411764705882355,5.8,13.65,7.9411764705882355
2020-10-28,32.418,7.018867924528302,5.8,13.65,7.018867924528302
2020-10-29,15.828,8.0,5.8,13.65,8.0
2020-10-30,18.769000000000002,7.882352941176471,5.8,13.65,7.882352941176471
2020-10-31,79.265,7.837837837837838,5.8,13.65,7.837837837837838
2020-11-01,71.332,7.619047619047619,5.8,13.65,7.619047619047619
2020-11-02,15.053,8.0,5.8,13.65,8.0
2020-11-03,15.727,7.724137931034483,5.65,13.65,7.724137931034483
2020-11-04,18.183,8.0,5.8,13.65,8.0
2020-11-05,8.347,8.0,5.8,13.65,8.0
2020-11-07,71.413,7.73469387755102,5.789999999999999,13.65,7.73469387755102
2020-11-08,58.207,7.888888888888889,5.8,13.65,7.888888888888889
2020-11-09,14.579,7.818181818181818,5.8,13.65,7.818181818181818
2020-11-10,12.103,7.6,5.8,13.65,7.6
2020-11-11,17.155,9.2,6.301666666666667,13.65,9.2
2020-11-12,15.237,8.956521739130435,6.316521739130435,13.65,8.956521739130435
2020-11-13,13.766,8.16,5.9584,13.65,8.16
2020-11-14,58.127,6.9,5.2,13.65,6.9
2020-11-15,45.353,6.875,5.2,13.65,6.875
2020-11-16,14.450000000000001,7.913043478260869,5.2,13.65,7.913043478260869
2020-11-17,24.762,7.7,5.8,13.65,7.7
2020-11-18,19.171,7.722222222222222,5.8,13.65,7.722222222222222
2020-11-19,22.977,8.11111111111111,6.043333333333333,13.65,8.11111111111111
2020-11-21,95.375,8.162162162162161,5.695135135135135,13.65,8.091216216216216
2020-11-22,67.538,8.0,5.6,13.65,8.0
2020-11-24,44.692,7.894736842105263,6.0,13.65,7.894736842105263
2020-11-25,38.697,7.684210526315789,6.0,13.65,7.684210526315789
2020-11-26,24.099,8.0,6.07,13.65,8.0
2020-11-27,23.178,7.823529411764706,6.2,13.65,7.823529411764706
2020-11-28,30.289,8.0,6.179999999999999,13.65,8.0
2020-11-29,31.494,8.0,6.0,13.65,8.0
2020-11-30,18.480999999999998,7.696969696969697,6.0,13.65,7.696969696969697
2020-12-01,25.029,8.0,6.0,13.65,8.0
2020-12-02,22.979,7.95,5.899500000000001,13.65,7.926
2020-12-03,35.348,7.781818181818182,5.413636363636364,13.65,7.701136363636364
2020-12-04,87.25,6.303703703703704,4.8207407407407405,13.65,6.303703703703704
2020-12-05,43.518,7.041666666666667,5.605,13.65,7.041666666666667
2020-12-06,93.761,6.786666666666667,5.414266666666666,13.65,6.786666666666666
2020-12-07,60.127,6.875,5.524375,13.65,6.875
2020-12-08,78.345,6.7251908396946565,5.470534351145038,13.65,6.7251908396946565
2020-12-09,39.897,7.266666666666667,6.061166666666667,13.65,7.224166666666666
2020-12-10,48.448,6.815384615384615,5.969076923076924,13.65,6.815384615384615
2020-12-12,71.47,8.05940594059406,5.864158415841584,13.65,7.953366336633663
2020-12-13,73.578,8.512820512820513,6.030769230769231,13.65,8.186880341880341
2020-12-14,65.517,6.5327102803738315,5.845420560747664,13.65,6.250046728971963
2020-12-15,51.18,8.4,5.771529411764706,13.65,7.9638823529411775
2020-12-16,47.282,8.0,5.807536231884058,13.65,7.636521739130434
2020-12-17,47.929,7.794871794871795,5.697692307692308,13.65,7.468397435897436
2020-12-18,63.362,8.143023255813953,6.209651162790697,13.65,7.927674418604651
2020-12-19,85.825,9.070634920634921,6.464047619047619,13.65,8.89609126984127
2020-12-20,77.313,8.815238095238096,6.207428571428571,13.65,8.580619047619049
2020-12-21,48.468,8.2,6.03072463768116,13.65,8.2
2020-12-22,38.698,8.0,5.735294117647059,13.65,8.0
2020-12-23,43.83,7.868852459016393,5.704754098360656,13.65,7.868852459016393
2020-12-24,61.288,7.866666666666666,5.711111111111111,13.65,7.866666666666666
2020-12-25,65.984,8.211627906976744,6.00860465116279,13.65,8.211627906976744
2020-12-27,93.232,8.05813953488372,5.683720930232559,13.65,8.05813953488372
2020-12-28,63.262,8.0625,5.897,13.65,8.0625
2020-12-29,54.924,7.791666666666667,6.0536111111111115,13.65,7.791666666666667
2020-12-30,75.742,8.041584158415843,6.091485148514852,13.65,8.041584158415843
2020-12-31,73.305,7.17608695652174,6.043913043478261,13.65,7.17608695652174
2021-01-01,91.569,6.810569105691057,5.870081300813008,13.65,6.810569105691057
2021-01-02,102.214,7.254545454545455,6.242045454545454,13.65,7.254545454545454
2021-01-03,76.505,6.864102564102565,5.925299145299145,13.65,6.864102564102564
2021-01-04,68.248,8.848039215686274,6.67,13.65,8.848039215686274
2021-01-05,89.144,8.7,6.279285714285714,13.65,8.7
2021-01-06,49.852,8.7328125,6.50359375,13.65,8.7328125
2021-01-07,54.723,9.092957746478874,6.949014084507042,13.65,9.092957746478874
2021-01-08,53.903999999999996,8.28857142857143,6.712285714285715,13.65,8.288571428571428
2021-01-09,90.49,8.875675675675677,7.007567567567568,13.65,8.875675675675677
2021-01-10,79.563,9.095918367346938,6.861428571428571,13.65,9.095918367346938
2021-01-11,47.911,8.433333333333334,6.909824561403509,13.65,8.433333333333334
2021-01-12,55.595,9.569117647058825,6.8516176470588235,13.65,9.569117647058825
2021-01-13,40.616,9.6625,6.834464285714286,13.65,9.6625
2021-01-14,43.51,9.1,6.837454545454546,13.65,9.1
2021-01-15,51.428,9.078333333333335,6.905333333333333,13.65,9.078333333333335
2021-01-16,82.624,9.093877551020409,6.879591836734694,13.65,9.093877551020409
2021-01-17,67.482,9.77027027027027,7.050945945945946,13.65,9.77027027027027
2021-01-18,48.095,9.562068965517241,6.733793103448276,13.65,9.562068965517241
2021-01-19,42.265,9.55,6.704166666666667,13.65,9.55
2021-01-20,44.546,9.65967741935484,6.779677419354839,13.65,9.65967741935484
2021-01-21,48.089,9.6,6.777142857142857,13.65,9.6
2021-01-22,48.728,9.6015625,6.8059375,13.65,9.6015625
2021-01-23,66.893,9.813333333333334,7.029555555555556,13.65,9.813333333333334
2021-01-24,88.664,9.707758620689654,6.963793103448276,13.65,9.707758620689654
2021-01-25,86.892,9.767961165048543,7.034951456310679,13.65,9.767961165048543
2021-01-27,50.075,9.766153846153845,6.9103076923076925,13.65,9.766153846153845
2021-01-28,58.18,9.925675675675675,7.055945945945946,13.65,9.925675675675675
2021-01-29,48.372,9.621311475409836,6.805245901639345,13.65,9.621311475409836
2021-01-30,39.938,9.807272727272727,6.910909090909091,13.65,9.807272727272727
2021-01-31,47.573,9.551666666666668,6.743833333333333,13.65,9.551666666666668
2021-02-01,50.34,9.209677419354838,7.058064516129033,13.65,9.209677419354838
2021-02-02,47.323,9.001818181818182,6.9809090909090905,13.65,9.001818181818182
2021-02-03,36.091,9.006122448979593,7.023265306122449,13.65,9.006122448979593
2021-02-04,61.4,8.927027027027027,6.887297297297297,13.65,8.927027027027027
2021-02-05,56.39,9.518840579710144,7.0089855072463765,13.65,9.518840579710144
2021-02-06,55.472,9.755223880597015,7.273880597014925,13.65,9.755223880597015
2021-02-13,50.0,12.9,8.5,13.65,12.899999999999999
2021-02-14,65.073,14.153749999999999,9.77025,13.65,14.153749999999999
2021-02-15,68.394,14.056818181818182,9.837272727272726,13.65,14.056818181818182
2021-02-17,53.632,12.0,8.37,13.65,12.0
2021-02-18,62.327,12.0,8.0,13.65,12.0
2021-02-19,73.044,9.71111111111111,7.790222222222222,13.65,9.71111111111111
2021-02-20,60.612,11.885,7.9375,13.65,11.885
2021-02-21,38.554,11.896491228070175,8.045789473684211,13.65,11.896491228070175
2021-02-22,40.444,10.273584905660377,7.996226415094339,13.65,10.273584905660377
2021-02-23,44.084,11.130508474576272,8.178644067796611,13.65,11.13050847457627
2021-02-24,54.382,10.54375,7.234999999999999,13.65,10.54375
2021-02-27,45.651,10.571212121212122,7.250606060606061,13.65,10.57121212121212
2021-02-28,49.705,9.97323943661972,7.38056338028169,13.65,9.97323943661972
2021-03-01,29.048,9.98611111111111,7.208333333333333,13.65,9.98611111111111
2021-03-02,46.406,9.957627118644067,7.635593220338983,13.65,9.957627118644067
2021-03-03,20.757,9.953571428571427,7.088214285714286,13.65,9.953571428571427
2021-03-04,28.177,9.972972972972974,7.0,13.65,9.972972972972974
2021-03-06,61.735,9.953333333333333,6.781333333333333,13.65,9.953333333333333
2021-03-07,36.889,9.979591836734693,6.689591836734694,13.65,9.979591836734693
2021-03-09,42.608,8.830508474576272,6.667796610169491,13.65,8.720338983050848
2021-03-10,24.891000000000002,8.0,6.6,13.65,8.0
2021-03-11,31.801,9.058490566037737,6.577735849056604,13.65,8.42990566037736
2021-03-12,21.764,8.326666666666666,6.634666666666666,13.65,8.297333333333334
2021-03-13,47.086,10.773333333333333,6.706666666666666,13.65,10.6
2021-03-15,22.597,10.5,6.755172413793103,13.65,10.5
2021-03-17,19.493,11.50344827586207,7.224827586206896,13.65,11.490000000000002
2021-03-18,20.852,10.483333333333333,6.75,13.65,10.483333333333333
2021-03-19,39.292,11.008695652173913,6.913043478260869,13.65,11.008695652173914
2021-03-20,39.984,11.671428571428573,7.337142857142857,13.65,11.671428571428573
2021-03-21,41.705,10.828125,7.198125,13.65,10.828125
2021-03-22,10.113,11.51764705882353,7.170588235294117,13.65,11.51764705882353
2021-03-23,13.349,10.773913043478261,6.9052173913043475,13.65,10.773913043478261
2021-03-25,15.827,10.862499999999999,7.02625,13.65,10.862499999999999
2021-03-28,30.71,10.576086956521738,6.76695652173913,13.65,10.537282608695653
2021-03-29,15.5,11.175999999999998,7.000800000000001,13.65,11.1046
2021-03-30,14.905,10.930434782608696,7.28608695652174,13.65,10.883260869565218
2021-04-01,20.743,13.292,6.648,13.65,10.947000000000001
2021-04-02,37.764,12.144897959183673,7.168571428571428,13.65,11.449591836734696
2021-04-03,38.786,10.42,7.332000000000001,13.65,10.21
2021-04-05,24.241,8.903125,7.215625,13.65,8.7390625
2021-04-06,3.622,10.571428571428571,7.26,13.65,10.476428571428572
2021-04-07,17.735,10.193548387096774,7.2299999999999995,13.65,10.193548387096774
2021-04-08,9.582,11.636363636363637,7.1877272727272725,13.65,11.042159090909092
2021-04-09,29.704,10.686842105263159,7.192105263157895,13.65,10.401315789473685
2021-04-10,22.753,11.544444444444444,7.195555555555556,13.65,11.268333333333334
2021-04-11,22.196,11.673684210526316,7.222105263157895,13.65,11.281315789473684
2021-04-12,4.178,11.6,7.024000000000001,13.65,10.606
2021-04-13,5.553,10.666666666666666,7.436666666666667,13.65,10.666666666666666
2021-04-14,19.197,11.01,7.332666666666666,13.65,11.01
2021-04-15,17.098,10.9,7.2312,13.65,10.9
2021-04-16,19.018,11.082142857142857,6.971428571428571,13.65,10.658035714285715
2021-04-17,35.302,11.471111111111112,7.092888888888889,13.65,11.167000000000002
2021-04-18,22.237,11.206896551724139,7.163793103448276,13.65,11.024568965517243
2021-04-19,12.658,11.025,7.086,13.65,10.78425
2021-04-20,12.167,10.345,7.089,13.65,10.1845
2021-04-21,13.078,10.333333333333334,7.013333333333333,13.65,10.106666666666667
2021-04-22,11.64,10.631578947368421,6.877894736842106,13.65,10.25736842105263
2021-04-23,10.413,10.0,6.989473684210527,13.65,10.0
2021-04-24,17.178,10.0,6.904545454545455,13.65,10.0
2021-04-25,11.454,10.0,6.970588235294118,13.65,10.0
2021-04-26,11.871,10.666666666666666,6.676666666666667,13.65,9.950833333333334
2021-04-27,9.127,10.125,7.16625,13.65,10.1034375
2021-04-28,7.359,10.625,7.090625,13.65,10.62109375
2021-04-29,8.818,10.736842105263158,7.052631578947368,13.65,10.700000000000001
2021-04-30,14.856,10.545454545454545,6.842727272727273,13.65,10.083863636363636
