中间数据集/按品类的日粒度时序数据集/水生根茎类.csv
日期,销量(千克),销售单价(元/千克),批发价格(元/千克),损耗率_品类,成本加成定价
2021-05-01,18.075,10.344827586206897,6.974137931034483,13.65,10.053017241379312
2021-05-02,17.439,10.48,6.8832,13.65,10.069600000000001
2021-05-03,18.743000000000002,10.214285714285714,7.0575,13.65,10.029196428571428
2021-05-04,8.799,10.4,7.206,13.65,10.4
2021-05-05,15.352,10.592592592592593,7.096296296296296,13.65,10.588888888888889
2021-05-06,5.992,10.666666666666666,7.026666666666666,13.65,10.563333333333333
2021-05-07,6.436,11.066666666666666,6.938666666666666,13.65,10.929333333333334
2021-05-08,11.457,10.72,7.1316,13.65,10.72
2021-05-09,21.145,12.751612903225807,8.894193548387097,13.65,12.751612903225807
2021-05-11,8.963000000000001,11.74705882352941,8.516470588235293,13.65,11.74705882352941
2021-05-12,6.081,10.99,7.851999999999999,13.65,10.99
2021-05-13,14.949,11.060714285714285,7.33,13.65,11.032857142857141
2021-05-14,11.411999999999999,10.4125,6.97,13.65,10.09125
2021-05-15,12.399000000000001,10.0,6.36,13.65,9.487894736842104
2021-05-16,6.386,10.0,6.4366666666666665,13.65,9.530833333333334
2021-05-17,5.011,10.0,6.204166666666667,13.65,9.340625
2021-05-18,12.309000000000001,10.0,6.6552173913043475,13.65,9.312282608695652
2021-05-19,12.199,10.0,5.567857142857143,13.65,8.690178571428572
2021-05-20,8.975,10.0,5.279,13.65,8.35325
2021-05-21,4.178,10.0,6.26375,13.65,9.1178125
2021-05-22,9.18,10.0,6.621052631578948,13.65,9.413157894736841
2021-05-23,17.229,10.193548387096774,6.999354838709678,13.65,9.148387096774194
2021-05-24,4.28,10.0,5.883333333333334,13.65,8.984722222222222
2021-05-25,5.412,10.0,6.136363636363637,13.65,9.129545454545456
2021-05-26,4.008,10.0,5.73888888888889,13.65,8.731944444444444
2021-05-27,8.319,10.0,6.541176470588235,13.65,9.364705882352942
2021-05-28,6.205,10.0,5.6000000000000005,13.65,8.74642857142857
2021-05-29,9.57,10.0,6.183157894736842,13.65,9.112631578947367
2021-05-30,4.719,10.0,5.772500000000001,13.65,8.872708333333334
2021-05-31,5.404,10.0,5.224,13.65,8.552
2021-06-01,7.217,10.0,5.7620000000000005,13.65,8.9035
2021-06-02,8.681,10.0,4.920909090909091,13.65,8.075227272727274
2021-06-03,11.019,10.0,5.107142857142857,13.65,8.094642857142857
2021-06-04,13.461,10.903225806451612,6.2777419354838715,13.65,9.766693548387096
2021-06-05,19.495,10.883720930232558,6.385813953488372,13.65,9.726976744186047
2021-06-06,7.182,13.2,7.946000000000001,13.65,12.7855
2021-06-08,7.394,10.842105263157896,5.473684210526316,13.65,9.13684210526316
2021-06-09,7.943,16.669999999999998,10.613,13.65,16.56275
2021-06-10,10.34,16.233333333333334,9.970333333333334,13.65,16.0005
2021-06-12,22.347,17.133333333333333,11.145625,13.65,17.014687499999997
2021-06-13,11.431000000000001,18.93103448275862,12.008965517241379,13.65,17.9501724137931
2021-06-16,5.187,13.221052631578948,8.155263157894737,13.65,12.887500000000001
2021-06-18,7.902,18.391666666666666,13.3825,13.65,18.334374999999998
2021-06-19,10.313,18.672727272727272,13.190303030303031,13.65,18.560303030303032
2021-06-21,9.9,15.358620689655172,10.15448275862069,13.65,15.12551724137931
2021-06-22,13.91,13.767567567567568,8.677297297297297,13.65,13.334594594594595
2021-06-23,10.931000000000001,13.036363636363635,8.041818181818181,13.65,12.627272727272727
2021-06-24,6.119,18.95294117647059,11.964705882352941,13.65,18.416470588235292
2021-06-25,10.916,11.425806451612903,7.224516129032257,13.65,10.939677419354839
2021-06-26,20.953,11.828571428571427,7.8394642857142856,13.65,11.517723214285713
2021-06-27,19.982,13.705454545454545,9.386363636363637,13.65,13.390454545454546
2021-06-29,9.52,10.700000000000001,6.3428571428571425,13.65,10.133750000000001
2021-06-30,7.464,15.34,10.022,13.65,15.016
2021-07-01,8.512,13.408,8.558,13.65,13.0245
2021-07-02,10.79,14.227272727272727,9.16090909090909,13.65,13.849772727272727
2021-07-03,29.657,14.346551724137932,9.339827586206898,13.65,14.002456896551724
2021-07-04,24.214,13.268627450980393,8.492156862745098,13.65,12.772058823529411
2021-07-05,14.947,12.896296296296295,8.164444444444444,13.65,12.360000000000001
2021-07-07,8.404,15.427272727272726,10.031818181818181,13.65,15.130681818181818
2021-07-08,12.209,15.30909090909091,9.763636363636364,13.65,14.915909090909093
2021-07-09,4.507,13.090909090909092,8.414545454545454,13.65,12.657272727272728
2021-07-10,14.838,14.425806451612903,9.166451612903225,13.65,13.991290322580646
2021-07-12,7.559,15.940000000000001,9.7315,13.65,15.220125000000001
2021-07-15,5.78,13.186666666666667,8.291333333333334,13.65,12.6465
2021-07-16,23.636,12.46046511627907,9.173953488372094,13.65,12.16575581395349
2021-07-17,27.115,15.089090909090908,10.118,13.65,14.883954545454545
2021-07-18,30.137999999999998,14.198245614035088,9.586842105263157,13.65,14.003201754385964
2021-07-19,15.754,16.91470588235294,11.135,13.65,16.70536764705882
2021-07-20,12.512,18.070588235294117,11.426470588235293,13.65,17.86014705882353
2021-07-21,18.057,15.743589743589743,10.536666666666665,13.65,15.65224358974359
2021-07-22,17.843,15.006451612903225,9.137096774193548,13.65,14.793387096774195
2021-07-23,13.844,12.322222222222223,8.485000000000001,13.65,12.146805555555554
2021-07-24,32.222,13.426086956521738,9.024347826086958,13.65,13.233188405797101
2021-07-25,24.134,11.44,7.7951999999999995,13.65,11.319599999999998
2021-07-26,16.444,12.973684210526315,8.84,13.65,12.841052631578947
2021-07-27,33.891,13.821917808219178,9.495890410958905,13.65,13.693150684931506
2021-07-28,32.418,14.225000000000001,9.794375,13.65,14.12140625
2021-07-29,17.107,11.1,7.57842105263158,13.65,10.89644736842105
2021-07-30,20.72,12.134782608695653,8.186739130434782,13.65,11.856521739130434
2021-07-31,23.282,13.175510204081633,8.589795918367347,13.65,12.86204081632653
2021-08-01,36.228,11.929333333333334,8.735333333333333,13.65,11.869466666666668
2021-08-02,22.943,10.0,7.146249999999999,13.65,9.8684375
2021-08-03,27.549,11.094736842105263,8.339649122807018,13.65,11.094736842105263
2021-08-04,22.617,10.256410256410257,7.421538461538462,13.65,10.256410256410257
2021-08-05,14.856,10.3125,7.43875,13.65,10.3125
2021-08-07,28.627,12.585714285714285,7.828392857142858,13.65,12.585714285714285
2021-08-08,24.273,11.181818181818182,7.642272727272727,13.65,11.181818181818182
2021-08-09,19.711000000000002,10.0,6.307368421052632,13.65,10.0
2021-08-12,28.536,8.235294117647058,6.001764705882354,13.65,8.224264705882353
2021-08-13,37.722,8.119402985074627,6.02,13.65,8.119402985074627
2021-08-15,49.471000000000004,8.395348837209303,6.0558139534883715,13.65,8.395348837209303
2021-08-16,50.533,8.608695652173912,6.0486956521739135,13.65,8.563478260869566
2021-08-17,56.145,8.622641509433961,6.061320754716981,13.65,8.588443396226415
2021-08-19,28.569,8.705882352941176,6.149607843137255,13.65,8.705882352941176
2021-08-20,27.29,8.96,6.22,13.65,8.96
2021-08-21,37.692,8.898550724637682,5.893188405797101,13.65,8.88659420289855
2021-08-22,51.313,10.26086956521739,5.997391304347826,13.65,10.26086956521739
2021-08-23,38.788000000000004,10.172413793103448,5.725,13.65,9.989655172413793
2021-08-24,31.616,10.350877192982455,5.845614035087719,13.65,10.185964912280701
2021-08-25,35.363,8.387096774193548,5.73741935483871,13.65,8.387096774193548
2021-08-26,63.126,8.243478260869566,5.686434782608695,13.65,8.243478260869566
2021-08-27,56.396,8.311111111111112,5.277444444444445,13.65,8.285638888888888
2021-08-28,49.574,8.478260869565217,5.23195652173913,13.65,8.478260869565217
2021-08-29,55.375,8.318181818181818,5.169431818181819,13.65,8.318181818181818
2021-08-30,40.953,8.184615384615384,5.101538461538462,13.65,8.184615384615384
2021-08-31,31.335,8.214285714285714,5.117857142857143,13.65,8.214285714285714
2021-09-01,47.449,6.578313253012048,5.138072289156626,13.65,6.578313253012048
2021-09-02,45.638,6.486486486486487,5.075810810810811,13.65,6.486486486486487
2021-09-03,54.834,6.845360824742268,5.12041237113402,13.65,6.7880412371134025
2021-09-04,66.409,6.451612903225806,5.046774193548387,13.65,6.428629032258064
2021-09-05,58.946,6.488888888888889,5.064444444444445,13.65,6.457222222222222
2021-09-06,33.471,8.135593220338983,5.045084745762712,13.65,8.104322033898304
2021-09-07,34.142,8.129032258064516,5.042258064516129,13.65,8.098145161290322
2021-09-08,38.571,8.129032258064516,5.04516129032258,13.65,8.103225806451613
2021-09-09,39.028,8.314754098360655,5.2857377049180325,13.65,8.3025
2021-09-10,43.851,6.780952380952381,5.1899999999999995,13.65,6.745357142857142
2021-09-11,67.532,6.68019801980198,4.965940594059405,13.65,6.662673267326732
2021-09-12,57.208,6.589655172413792,4.879540229885057,13.65,6.559310344827586
2021-09-13,29.937,6.24,4.6968,13.65,6.24
2021-09-14,41.431,6.730645161290322,5.008387096774193,13.65,6.730645161290322
2021-09-15,32.841,7.3062499999999995,5.070416666666667,13.65,7.306250000000001
2021-09-16,35.964999999999996,7.291836734693878,5.066938775510203,13.65,7.291836734693878
2021-09-17,31.276,7.147499999999999,4.97275,13.65,7.147500000000001
2021-09-19,93.77,7.78974358974359,5.4252136752136755,13.65,7.7897435897435905
2021-09-20,94.882,7.573043478260869,5.279043478260869,13.65,7.57304347826087
2021-09-21,93.256,7.146774193548387,4.9554838709677425,13.65,7.146774193548388
2021-09-23,19.216,8.246666666666666,5.429333333333333,13.65,8.246666666666666
2021-09-25,43.444,6.324324324324325,4.311891891891892,13.65,6.25054054054054
2021-09-26,48.23,6.108108108108108,4.2371621621621625,13.65,6.083277027027026
2021-09-27,42.395,6.117647058823529,4.3189705882352944,13.65,6.090110294117647
2021-09-28,33.697,6.280701754385965,4.559473684210526,13.65,6.186754385964911
2021-09-29,39.563,7.314754098360655,4.839344262295082,13.65,7.108196721311476
2021-09-30,38.451,7.093333333333333,4.736666666666666,13.65,6.935833333333334
2021-10-01,69.809,6.903157894736841,4.718105263157894,13.65,6.828000000000001
2021-10-02,61.246,7.4222222222222225,4.791111111111111,13.65,7.095555555555555
2021-10-03,51.096,6.884615384615385,4.681153846153846,13.65,6.797788461538462
2021-10-04,39.501,7.139344262295082,4.7780327868852455,13.65,6.986721311475411
2021-10-05,53.813,8.923076923076923,4.918461538461538,13.65,8.565
2021-10-06,50.349000000000004,6.867469879518072,4.674096385542168,13.65,6.782078313253012
2021-10-07,51.57,6.7681818181818185,4.6468181818181815,13.65,6.7148863636363645
2021-10-08,49.695,7.452542372881355,5.199322033898305,13.65,7.409533898305085
2021-10-09,41.198,6.815384615384615,4.707999999999999,13.65,6.774461538461539
2021-10-10,58.704,6.925274725274725,4.686593406593406,13.65,6.815274725274726
2021-10-11,45.351,6.794666666666667,4.785733333333333,13.65,6.5643666666666665
2021-10-12,29.953,6.383333333333333,4.6825,13.65,6.279791666666667
2021-10-13,36.526,6.054545454545455,4.6,13.65,6.054545454545455
2021-10-14,38.264,6.352542372881356,4.662711864406779,13.65,6.260593220338983
2021-10-16,54.821,6.934666666666667,4.883333333333334,13.65,6.694566666666667
2021-10-18,44.513,6.437142857142858,4.684857142857143,13.65,6.330642857142857
2021-10-19,42.738,6.361538461538461,4.697076923076923,13.65,6.280769230769231
2021-10-20,41.248,6.732142857142857,4.772857142857142,13.65,6.609642857142857
2021-10-21,46.91,6.041666666666667,4.6,13.65,6.041666666666667
2021-10-22,45.315,6.301694915254237,4.699322033898305,13.65,6.273813559322034
2021-10-23,61.274,6.395555555555556,4.718222222222222,13.65,6.332444444444444
2021-10-24,47.917,6.553125,4.789843749999999,13.65,6.5126953125
2021-10-25,33.696,6.5260869565217385,4.777826086956521,13.65,6.491630434782609
2021-10-26,37.216,6.224137931034483,4.671551724137931,13.65,6.212284482758621
2021-10-27,36.161,6.070588235294118,4.6,13.65,6.070588235294118
2021-10-28,37.949,6.091525423728813,4.6,13.65,6.091525423728813
2021-10-29,40.045,6.072,4.6,13.65,6.072
2021-10-30,59.756,6.186315789473685,4.67578947368421,13.65,6.186315789473685
2021-11-01,44.316,6.071641791044776,4.6,13.65,6.071641791044776
2021-11-02,39.893,6.0393442622950815,4.6,13.65,6.0393442622950815
2021-11-03,39.941,6.040909090909091,4.6,13.65,6.040909090909091
2021-11-04,42.366,6.263793103448276,4.724137931034483,13.65,6.263793103448276
2021-11-07,64.622,6.1866666666666665,4.663888888888888,13.65,6.167916666666666
2021-11-08,58.811,6.669135802469136,5.031358024691357,13.65,6.605987654320988
2021-11-09,43.617000000000004,6.301694915254237,4.893898305084746,13.65,6.272796610169492
2021-11-10,49.851,6.364912280701755,4.897368421052631,13.65,6.33530701754386
2021-11-12,50.696,7.2098360655737705,4.892950819672131,13.65,7.185614754098362
2021-11-13,55.708,7.61388888888889,5.095694444444444,13.65,7.549409722222222
2021-11-15,28.879,7.0,4.8,13.65,7.000000000000001
2021-11-16,19.63,7.0,4.8,13.65,7.000000000000001
2021-11-18,21.426,7.0,4.8,13.65,7.000000000000001
2021-11-21,47.591,6.08,4.7594666666666665,13.65,6.08
2021-11-22,32.75,6.1020408163265305,4.768979591836734,13.65,6.1020408163265305
2021-11-23,31.403,6.0625,4.784166666666667,13.65,6.0625
2021-11-24,33.315,7.38,5.215800000000001,13.65,7.136750000000001
2021-11-26,41.234,6.85,5.1068333333333324,13.65,6.85
2021-11-27,58.68,6.283950617283951,4.8193827160493825,13.65,6.262006172839507
2021-11-28,49.546,6.25,4.71875,13.65,6.2037109375
2021-11-29,29.92,6.083333333333333,4.58625,13.65,6.009270833333333
2021-12-01,30.015,7.282051282051282,4.87051282051282,13.65,7.282051282051284
2021-12-03,18.925,6.275862068965517,4.868965517241379,13.65,6.275862068965517
2021-12-04,62.259,6.0,4.605,13.65,6.0
2021-12-05,50.994,6.0,4.554375,13.65,6.0
2021-12-08,25.319,6.8125,4.554375,13.65,6.812500000000001
2021-12-09,25.262,6.743589743589744,4.471794871794872,13.65,6.743589743589744
2021-12-10,32.792,6.8,4.544,13.65,6.800000000000001
2021-12-13,21.832,5.9375,4.6875,13.65,5.9140625
2021-12-14,33.175,5.673469387755102,4.5567346938775515,13.65,5.673469387755102
2021-12-15,2.6020000000000003,4.4,3.5200000000000005,13.65,4.4
2021-12-16,39.569,6.0,4.641851851851852,13.65,6.0
2021-12-17,40.153999999999996,6.0,4.63457627118644,13.65,6.0
2021-12-18,70.551,5.1875,4.1554166666666665,13.65,5.1875
2021-12-19,67.19,5.530097087378641,4.541067961165048,13.65,5.530097087378641
2021-12-20,38.283,5.763636363636364,4.506909090909091,13.65,5.763636363636364
2021-12-21,48.369,5.9491525423728815,4.737457627118644,13.65,5.9491525423728815
2021-12-22,31.469,5.815789473684211,4.529210526315789,13.65,5.815789473684211
2021-12-23,30.021,6.0,4.506976744186046,13.65,5.877906976744186
2021-12-25,66.839,6.0,4.697029702970297,13.65,6.0
2021-12-26,95.584,6.0,4.66376,13.65,6.0
2021-12-27,42.155,6.0,4.596724137931035,13.65,6.0
2021-12-28,35.054,6.0,4.6007547169811325,13.65,6.0
2021-12-29,34.882,6.0,4.584489795918367,13.65,6.0
2021-12-31,60.713,6.0,4.685925925925926,13.65,6.0
2022-01-01,82.658,6.0,4.593181818181818,13.65,6.0
2022-01-03,59.009,6.0,4.78089552238806,13.65,6.0
2022-01-04,46.598,6.0,4.777931034482759,13.65,6.0
2022-01-06,34.198,6.0,4.64,13.65,6.0
2022-01-07,46.045,6.0,4.683636363636364,13.65,6.0
2022-01-08,60.006,6.0,4.769397590361446,13.65,6.0
2022-01-10,56.153,6.198666666666666,4.720533333333334,13.65,6.198666666666667
2022-01-12,41.626,6.715,5.117999999999999,13.65,6.715
2022-01-13,22.185,6.0,4.397714285714286,13.65,6.0
2022-01-14,48.285,6.859322033898305,5.2630508474576265,13.65,6.859322033898305
2022-01-15,56.825,6.45,5.020769230769231,13.65,6.45
2022-01-16,52.794,6.395652173913044,4.83768115942029,13.65,6.395652173913044
2022-01-17,42.312,6.069642857142857,4.793571428571428,13.65,6.069642857142857
2022-01-18,32.418,6.0,4.626818181818181,13.65,6.0
2022-01-19,50.389,6.0,4.71672131147541,13.65,6.0
2022-01-20,55.56,6.0,4.743134328358209,13.65,6.0
2022-01-21,58.294,6.905405405405405,4.679864864864865,13.65,6.905405405405406
2022-01-22,64.682,9.631578947368421,5.244078947368421,13.65,9.164013157894736
2022-01-23,68.285,10.204545454545455,7.262727272727273,13.65,10.204545454545455
2022-01-25,70.849,11.333333333333334,8.428888888888888,13.65,11.333333333333334
2022-01-26,64.858,11.076923076923077,8.043692307692309,13.65,11.018769230769232
2022-01-27,95.025,11.394186046511628,8.366279069767442,13.65,11.343313953488371
2022-02-01,38.25,11.847916666666668,7.672916666666667,13.65,11.847916666666668
2022-02-02,37.868,13.23913043478261,8.273478260869567,13.65,13.23913043478261
2022-02-03,7.01,10.2,6.724000000000001,13.65,10.2
2022-02-04,55.923,11.839285714285714,7.478928571428571,13.65,11.839285714285714
2022-02-05,2.2030000000000003,9.78,6.183999999999999,13.65,9.78
2022-02-07,41.735,11.793103448275861,6.914137931034483,13.65,11.793103448275861
2022-02-08,29.778,9.82857142857143,6.857714285714286,13.65,9.82857142857143
2022-02-10,29.54,9.942857142857143,6.952571428571429,13.65,9.942857142857143
2022-02-11,38.286,9.69811320754717,5.917358490566038,13.65,9.69811320754717
2022-02-12,58.417,8.214084507042255,5.611971830985916,13.65,8.214084507042255
2022-02-14,24.829,8.0,5.119428571428571,13.65,8.0
2022-02-15,50.087,7.983823529411764,5.158676470588236,13.65,7.983823529411764
2022-02-16,25.240000000000002,7.937142857142858,5.118285714285714,13.65,7.937142857142858
2022-02-17,38.54,7.830909090909091,5.122727272727273,13.65,7.830909090909091
2022-02-19,38.763,7.948333333333333,4.380166666666667,13.65,7.636124999999999
2022-02-20,35.58,8.0,4.74,13.65,7.999999999999999
2022-02-21,26.034,8.0,5.1,13.65,8.0
2022-02-23,17.076,8.0,5.0,13.65,8.0
2022-02-24,19.778,8.0,5.0,13.65,8.0
2022-02-25,43.644,8.703703703703704,5.925925925925926,13.65,8.703703703703704
2022-02-26,40.831,8.0,4.85,13.65,8.0
2022-02-27,33.006,8.0,4.8,13.65,8.0
2022-02-28,27.838,6.0,4.61,13.65,6.0
2022-03-01,5.051,6.0,4.6,13.65,6.0
2022-03-02,23.171,6.0,4.6,13.65,6.0
2022-03-03,27.705000000000002,6.0,4.6,13.65,6.0
2022-03-04,21.276,6.0,4.6,13.65,6.0
2022-03-05,44.23,6.0,4.6,13.65,6.0
2022-03-06,47.119,6.0,4.6,13.65,6.0
2022-03-07,24.482,6.0,4.76,13.65,5.999999999999999
2022-03-08,6.754,7.0,4.8,13.65,7.000000000000001
2022-03-09,17.2,7.0,4.8,13.65,7.000000000000001
2022-03-11,29.63,7.0,4.8,13.65,7.000000000000002
2022-03-12,37.329,7.0,4.76,13.65,7.0
2022-03-14,15.345,7.0,4.8,13.65,7.000000000000001
