中间数据集/按品类的日粒度时序数据集/水生根茎类.csv
日期,销量(千克),销售单价(元/千克),批发价格(元/千克),损耗率_品类,成本加成定价
2022-03-15,15.026,8.327272727272726,5.243636363636363,13.65,7.903636363636365
2022-03-16,16.886,7.0,4.8,13.65,7.000000000000001
2022-03-17,30.851,7.995454545454546,5.127954545454545,13.65,7.669375000000001
2022-03-19,45.815,6.8,4.8,13.65,6.8
2022-03-20,43.592,8.666666666666666,5.541666666666667,13.65,8.666666666666666
2022-03-21,25.391,7.2,4.8,13.65,7.199999999999999
2022-03-22,27.306,7.2,4.8,13.65,7.199999999999999
2022-03-23,15.254999999999999,9.520000000000001,6.058999999999999,13.65,9.269749999999998
2022-03-24,16.899,8.0,4.92,13.65,8.0
2022-03-25,43.221000000000004,9.366666666666667,5.768666666666666,13.65,9.107166666666668
2022-03-26,43.227,8.74,5.552333333333333,13.65,8.653500000000001
2022-03-27,41.214,8.48695652173913,5.542173913043478,13.65,8.48695652173913
2022-03-28,19.777,10.929411764705883,6.516470588235294,13.65,10.48014705882353
2022-03-29,18.541,8.675862068965516,5.841034482758621,13.65,8.675862068965516
2022-03-30,27.389,8.83076923076923,5.6499999999999995,13.65,8.83076923076923
2022-03-31,30.993,9.46046511627907,6.1939534883720935,13.65,9.46046511627907
2022-04-01,25.437,8.50909090909091,5.454545454545454,13.65,8.50909090909091
2022-04-02,34.452,9.168627450980393,5.927450980392157,13.65,9.168627450980393
2022-04-03,42.998,10.053731343283582,7.021940298507463,13.65,10.053731343283582
2022-04-04,31.759,8.0,5.0,13.65,8.0
2022-04-05,21.71,8.0,5.0,13.65,8.0
2022-04-06,5.855,10.986666666666668,8.834666666666665,13.65,10.986666666666668
2022-04-07,6.533,8.0,5.0,13.65,8.0
2022-04-09,11.218,8.941176470588236,6.203529411764706,13.65,8.941176470588236
2022-04-11,1.03,8.0,5.4,13.65,8.0
2022-04-12,7.538,8.0,5.4,13.65,8.0
2022-04-13,4.61,8.0,5.4,13.65,8.0
2022-04-14,6.495,11.945454545454545,7.292727272727273,13.65,11.945454545454545
2022-04-17,9.701,9.0,5.46,13.65,9.0
2022-04-18,3.024,9.0,5.4,13.65,9.0
2022-04-19,5.106,13.2,9.726666666666667,13.65,13.2
2022-04-20,2.772,12.0,8.76,13.65,12.0
2022-04-21,3.552,11.7,7.3475,13.65,11.7
2022-04-22,7.417,10.166666666666666,6.705000000000001,13.65,10.166666666666666
2022-04-23,9.767,11.346666666666666,8.659333333333333,13.65,11.346666666666666
2022-04-24,4.52,9.0,5.4,13.65,9.0
2022-04-25,4.202,11.8,8.296000000000001,13.65,11.8
2022-04-26,4.905,9.24,8.476,13.65,9.24
2022-04-27,2.398,9.4,10.613333333333335,13.65,9.4
2022-04-28,2.1390000000000002,13.2,9.804,13.65,13.2
2022-04-29,7.1499999999999995,12.857142857142858,8.185714285714285,13.65,12.857142857142858
2022-04-30,9.22,9.0,5.4,13.65,9.0
2022-05-01,10.863,17.25,11.847,13.65,17.25
2022-05-02,8.503,10.35,6.12,13.65,10.31625
2022-05-03,2.8680000000000003,9.0,5.4,13.65,9.0
2022-05-05,1.193,12.2,8.755,13.65,12.123750000000001
2022-05-06,3.42,10.966666666666667,7.61,13.65,10.912916666666668
2022-05-07,4.66,11.475,7.66,13.65,11.44125
2022-05-08,4.476,11.781818181818181,7.6036363636363635,13.65,11.732727272727272
2022-05-09,3.5380000000000003,14.175,10.097499999999998,13.65,14.143437500000001
2022-05-10,5.181,13.85,9.61,13.65,13.807916666666666
2022-05-12,5.134,13.440000000000001,9.362,13.65,13.42525
2022-05-14,11.341,13.34736842105263,8.368421052631579,13.65,12.838815789473685
2022-05-15,6.072,12.036363636363637,8.574545454545456,13.65,11.860681818181819
2022-05-16,4.6370000000000005,15.716666666666667,11.354166666666666,13.65,15.181041666666667
2022-05-17,1.853,18.833333333333332,14.125,13.65,18.45
2022-05-18,0.9259999999999999,9.0,5.8,13.65,9.0
2022-05-19,3.425,16.533333333333335,12.533333333333333,13.65,16.533333333333335
2022-05-20,3.575,16.866666666666667,10.488888888888889,13.65,16.429444444444446
2022-05-21,4.691,12.514285714285714,8.114285714285714,13.65,12.514285714285714
2022-05-23,4.437,13.37142857142857,8.628571428571428,13.65,13.37142857142857
2022-05-25,4.619,17.571428571428573,10.602857142857143,13.65,16.735714285714284
2022-05-27,8.858,13.8125,9.216875,13.65,13.53265625
2022-05-28,8.906,16.810526315789474,11.953157894736842,13.65,16.433815789473684
2022-05-30,6.684,18.42105263157895,12.722105263157895,13.65,18.42105263157895
2022-06-24,25.878,16.91111111111111,11.497111111111112,13.65,16.863333333333333
2022-06-25,40.332,16.119642857142857,10.786607142857141,13.65,16.10075892857143
2022-06-26,31.364,18.58857142857143,12.439428571428572,13.65,18.544
2022-06-27,12.659,18.466666666666665,11.611666666666666,13.65,18.353055555555557
2022-07-03,63.873000000000005,14.796739130434782,9.515217391304347,13.65,14.66491847826087
2022-07-04,20.219,14.945454545454545,9.686136363636363,13.65,14.945454545454545
2022-07-05,34.508,16.71470588235294,10.783529411764706,13.65,16.71470588235294
2022-07-06,39.018,14.957627118644067,9.718135593220339,13.65,14.957627118644067
2022-07-07,43.066,14.615151515151515,9.407878787878786,13.65,14.615151515151513
2022-07-08,32.713,12.608333333333334,8.122708333333334,13.65,12.608333333333334
2022-07-11,43.103,12.335211267605635,8.48943661971831,13.65,12.28830985915493
2022-07-12,29.78,14.303448275862069,9.47706896551724,13.65,14.298275862068964
2022-07-13,31.995,15.242105263157896,10.091578947368422,13.65,15.240230263157894
2022-07-14,12.376,11.857142857142858,8.0925,13.65,11.801874999999999
2022-07-18,57.442,13.308235294117647,9.293058823529412,13.65,13.203058823529412
2022-07-19,90.19,11.331764705882353,7.440705882352941,13.65,11.191529411764705
2022-07-22,44.43,14.11794871794872,9.300128205128205,13.65,14.061121794871793
2022-07-23,67.395,14.541592920353983,9.598141592920353,13.65,14.541592920353983
2022-07-25,90.633,11.731764705882354,7.206235294117648,13.65,11.306205882352943
2022-07-26,68.863,15.251764705882355,9.108823529411765,13.65,15.251764705882355
2022-07-27,71.087,10.433333333333334,6.865277777777778,13.65,10.433333333333334
2022-07-28,70.756,12.26842105263158,7.795657894736842,13.65,12.26842105263158
2022-07-29,66.925,12.844444444444445,8.605416666666667,13.65,12.844444444444445
2022-07-30,71.293,12.607476635514018,8.251308411214954,13.65,12.607476635514018
2022-08-01,91.813,11.486746987951808,7.789518072289156,13.65,11.486746987951808
2022-08-02,28.385,12.577049180327867,8.301803278688524,13.65,12.577049180327867
2022-08-03,95.589,7.846153846153846,5.927948717948718,13.65,7.846153846153846
2022-08-04,64.171,11.117647058823529,7.825588235294117,13.65,11.117647058823529
2022-08-05,43.931,12.757333333333333,8.690933333333334,13.65,12.757333333333333
2022-08-08,86.531,11.941176470588236,8.914235294117647,13.65,11.941176470588236
2022-08-09,54.281,11.476923076923077,8.674230769230768,13.65,11.476923076923077
2022-08-11,70.377,11.965217391304348,8.369130434782608,13.65,11.935579710144928
2022-08-12,79.938,10.903225806451612,8.393010752688173,13.65,10.88236559139785
2022-08-14,97.044,12.211920529801324,8.121788079470198,13.65,11.970364238410596
2022-08-16,69.881,13.057142857142859,8.456326530612245,13.65,12.676581632653061
2022-08-20,95.698,11.229411764705883,8.202205882352942,13.65,11.066066176470589
2022-08-21,87.971,12.146969696969698,8.606287878787878,13.65,11.957537878787878
2022-08-22,66.488,12.146478873239436,10.209154929577466,13.65,12.040950704225352
2022-08-23,86.205,11.088659793814433,8.42639175257732,13.65,10.960309278350516
2022-08-24,57.232,10.102325581395348,8.333023255813954,13.65,10.054767441860465
2022-08-26,48.72,11.005405405405405,8.74054054054054,13.65,11.005405405405405
2022-08-28,102.839,9.167164179104478,6.722686567164179,13.65,9.115298507462686
2022-08-29,59.775,7.525,5.40609375,13.65,7.525
2022-08-30,93.293,8.803921568627452,6.383333333333334,13.65,8.803921568627452
2022-08-31,28.994,7.618604651162792,5.362790697674419,13.65,7.618604651162792
2022-09-01,56.77,13.783018867924529,9.286037735849057,13.65,13.783018867924529
2022-09-02,53.186,10.780434782608696,8.011304347826087,13.65,10.780434782608696
2022-09-03,88.589,9.686821705426357,7.1719379844961235,13.65,9.686821705426357
2022-09-05,60.192,13.180000000000001,9.732625,13.65,13.180000000000001
2022-09-06,54.584,14.588775510204082,12.489795918367347,13.65,14.588775510204082
2022-09-07,58.284,11.496470588235294,9.882117647058823,13.65,11.496470588235294
2022-09-11,97.363,12.895238095238096,8.748979591836736,13.65,12.895238095238094
2022-09-12,38.383,16.6,12.611296296296295,13.65,16.599999999999998
2022-09-14,27.935,16.372727272727275,10.455454545454545,13.65,15.501060606060605
2022-09-15,29.546,15.963043478260872,11.534565217391306,13.65,15.377391304347826
2022-09-16,26.977,13.600000000000001,9.975833333333332,13.65,12.988750000000001
2022-09-17,50.024,14.11864406779661,9.077118644067797,13.65,12.931864406779662
2022-09-18,58.668,13.233333333333333,8.120666666666667,13.65,11.992833333333333
2022-09-19,9.274000000000001,8.525,6.448333333333333,13.65,8.525
2022-09-21,18.429,17.935135135135134,11.055405405405406,13.65,16.239864864864863
2022-09-22,20.182,12.35,8.134333333333334,13.65,11.898
2022-09-23,30.662,9.3,6.54,13.65,9.062857142857142
2022-09-24,49.291,9.643859649122808,6.728947368421053,13.65,9.643859649122808
2022-09-25,14.038,20.6275,9.64325,13.65,16.234375
2022-09-26,34.863,12.711111111111112,7.5258730158730165,13.65,11.334920634920636
2022-09-29,43.663000000000004,12.342028985507246,7.550000000000001,13.65,11.123550724637681
2022-09-30,70.235,9.236633663366337,6.1657425742574254,13.65,8.74341584158416
2022-10-01,102.731,7.181538461538461,5.262307692307693,13.65,7.181538461538461
2022-10-02,81.611,10.394957983193278,6.185042016806722,13.65,9.196302521008402
2022-10-03,93.09,7.597368421052632,5.5359649122807015,13.65,7.597368421052632
2022-10-08,81.908,8.549152542372882,5.522033898305085,13.65,7.715762711864407
2022-10-09,66.479,10.234234234234235,5.849099099099099,13.65,8.70304054054054
2022-10-10,46.834,7.246666666666667,4.936999999999999,13.65,7.246666666666667
2022-10-11,51.596000000000004,6.745454545454545,4.636818181818182,13.65,6.742045454545455
2022-10-12,39.206,8.801724137931034,5.456206896551723,13.65,8.171120689655172
2022-10-13,61.838,9.017582417582418,5.642307692307692,13.65,8.731868131868133
2022-10-14,13.046,12.304,7.0152,13.65,11.724
2022-10-15,101.798,6.739130434782608,4.670724637681159,13.65,6.7320652173913045
2022-10-16,86.333,6.504385964912281,4.497368421052632,13.65,6.503070175438595
2022-10-17,38.615,8.147457627118644,5.340677966101695,13.65,7.695762711864407
2022-10-18,41.022,8.040983606557377,5.128852459016394,13.65,7.137909836065573
2022-10-19,38.515,6.504166666666666,4.846666666666667,13.65,6.504166666666666
2022-10-20,52.368,7.1650793650793645,5.150317460317461,13.65,7.1650793650793645
2022-10-21,97.068,13.7,6.361940298507463,13.65,9.875746268656716
2022-10-23,61.265,6.605405405405405,4.815405405405405,13.65,6.6054054054054046
2022-10-24,37.236,8.975438596491228,5.366315789473684,13.65,8.181403508771929
2022-10-25,36.981,10.363636363636363,5.703818181818183,13.65,8.711863636363637
2022-10-27,35.991,9.894339622641509,5.522641509433962,13.65,8.366037735849057
2022-10-28,63.12,9.878823529411765,6.008235294117647,13.65,8.76705882352941
2022-10-29,98.462,8.1552,5.25328,13.65,7.6152
2022-10-31,32.213,8.484615384615385,4.881794871794871,13.65,7.101794871794871
2022-11-01,29.485,8.740540540540541,5.833783783783784,13.65,8.37331081081081
2022-11-03,13.926,8.064705882352941,5.891764705882353,13.65,8.064705882352941
2022-11-05,74.216,8.403883495145632,5.096019417475728,13.65,7.478082524271845
2022-11-07,22.799,9.251612903225807,5.071612903225806,13.65,7.525483870967743
2022-11-08,31.054,11.073684210526316,5.797105263157895,13.65,8.944868421052632
2022-11-09,21.313,10.60277777777778,5.265555555555555,13.65,7.950555555555557
2022-11-10,17.046,8.276,5.4936,13.65,8.126
2022-11-11,40.363,11.275806451612903,5.866451612903226,13.65,8.953145161290323
2022-11-12,73.358,8.152083333333334,4.958541666666666,13.65,7.298489583333333
2022-11-13,54.616,9.60921052631579,5.26078947368421,13.65,8.021217105263156
2022-11-14,27.893,7.278378378378378,5.0343243243243245,13.65,7.215810810810811
2022-11-17,40.679,10.525,6.14,13.65,9.516666666666667
2022-11-18,59.900999999999996,9.045333333333334,5.545333333333333,13.65,8.446066666666667
2022-11-20,65.057,8.349333333333334,5.3232,13.65,7.836333333333334
2022-11-22,30.541,7.325,4.6671875,13.65,6.911328124999999
2022-11-23,50.24,10.356521739130436,5.7197826086956525,13.65,8.925271739130435
2022-11-24,29.738,9.26896551724138,4.775862068965517,13.65,7.4527586206896554
2022-11-25,62.003,10.981818181818182,5.485636363636363,13.65,9.064
2022-11-26,37.043,9.873684210526315,5.298947368421053,13.65,8.443815789473684
2022-11-27,3.165,5.6,4.55,13.65,5.6000000000000005
2022-11-28,1.8090000000000002,8.2,5.34,13.65,8.2
2022-11-29,9.193999999999999,7.085714285714286,4.892857142857143,13.65,7.085714285714286
2022-12-04,18.158,7.55,5.0625,13.65,7.55
2022-12-05,41.811,9.854545454545455,6.444545454545454,13.65,9.854545454545455
2022-12-06,67.863,7.275714285714286,5.234285714285714,13.65,7.275714285714286
2022-12-07,64.331,7.283076923076923,5.128,13.65,7.283076923076923
2022-12-09,30.039,7.525806451612904,5.433870967741935,13.65,7.525806451612904
2022-12-11,63.385,7.666197183098593,5.026760563380281,13.65,7.520422535211268
2022-12-12,30.168,6.705555555555556,3.6655555555555557,13.65,5.299236111111111
2022-12-13,50.434,7.193939393939394,3.8298484848484846,13.65,5.039280303030304
2022-12-14,29.923,6.474074074074075,4.666666666666667,13.65,6.349259259259259
2022-12-15,60.996,6.15625,4.61703125,13.65,6.15625
2022-12-16,59.198,5.541935483870968,4.0404838709677415,13.65,5.487580645161291
2022-12-17,97.791,7.207079646017699,4.7836283185840704,13.65,7.053318584070797
2022-12-20,53.792,6.563934426229507,4.290655737704919,13.65,6.314549180327869
2022-12-21,61.727000000000004,6.579452054794521,4.294794520547945,13.65,6.210308219178082
2022-12-22,45.018,6.498039215686274,4.206666666666666,13.65,6.319117647058825
2022-12-23,54.487,7.137704918032787,4.901147540983607,13.65,7.063278688524591
2022-12-24,61.874,7.222222222222222,4.6497222222222225,13.65,6.728125
2022-12-26,56.004,6.945945945945946,4.441621621621621,13.65,6.760743243243243
2022-12-27,72.514,8.0,5.278041237113403,13.65,7.766494845360825
2022-12-28,60.286,7.055421686746988,5.144337349397591,13.65,6.974698795180722
2022-12-29,66.287,7.339772727272727,4.8417045454545455,13.65,7.215426136363636
2022-12-30,62.525,6.5814814814814815,4.397530864197531,13.65,6.51462962962963
2022-12-31,103.271,6.9064,4.39584,13.65,6.62944
2023-01-01,92.503,7.376744186046512,4.9035658914728675,13.65,7.087403100775194
2023-01-02,54.334,8.298823529411765,5.173058823529412,13.65,7.792382352941176
2023-01-03,50.818,7.382857142857143,4.3387142857142855,13.65,6.817857142857143
2023-01-04,48.908,8.472857142857142,5.63,13.65,8.019785714285714
2023-01-05,32.701,8.196226415094339,5.761132075471697,13.65,7.85188679245283
2023-01-06,59.67,7.3891891891891905,5.254324324324324,13.65,7.332601351351351
2023-01-07,53.524,6.62,4.208714285714286,13.65,6.492928571428571
2023-01-08,56.788,7.623684210526315,5.247763157894736,13.65,7.59967105263158
2023-01-09,39.959,6.54,4.458727272727272,13.65,6.407272727272727
2023-01-10,45.848,8.1,5.180689655172414,13.65,7.671810344827587
2023-01-11,44.885,5.696875,4.094375,13.65,5.611328125
2023-01-12,43.65,6.3213114754098365,4.0636065573770495,13.65,5.838114754098361
2023-01-13,31.759,6.570833333333333,5.280208333333333,13.65,6.570833333333333
2023-01-15,92.61,8.893827160493828,5.644197530864197,13.65,8.893827160493828
2023-01-16,61.379,7.907352941176471,5.116764705882353,13.65,7.907352941176471
2023-01-23,46.756,8.0,4.823035714285714,13.65,7.75625
2023-01-24,84.834,8.043478260869565,5.106304347826087,13.65,8.043478260869565
2023-01-26,72.927,7.339534883720931,4.8440697674418605,13.65,7.339534883720931
2023-01-28,63.873,6.842105263157895,4.758947368421053,13.65,6.842105263157895
2023-01-29,48.473,7.459649122807018,4.991929824561404,13.65,7.459649122807018
2023-01-30,52.383,7.314285714285714,5.030317460317461,13.65,7.314285714285714
2023-01-31,40.683,6.652631578947368,4.720175438596492,13.65,6.652631578947368
2023-02-01,32.281,6.609302325581395,4.63046511627907,13.65,6.609302325581395
2023-02-02,32.252,7.140000000000001,4.7835,13.65,7.140000000000001
2023-02-03,54.97,6.150746268656717,4.104477611940299,13.65,6.150746268656716
2023-02-04,85.605,6.312037037037038,3.850740740740741,13.65,6.042731481481481
2023-02-05,83.513,5.983505154639175,4.545979381443299,13.65,5.849845360824742
2023-02-06,11.684,5.969565217391305,4.571304347826087,13.65,5.969565217391303
2023-02-08,39.347,6.203389830508475,3.893898305084746,13.65,5.95728813559322
2023-02-09,42.757,6.425806451612903,4.39758064516129,13.65,6.364959677419355
2023-02-10,49.257,6.416666666666667,4.493611111111111,13.65,6.416666666666667
2023-02-11,77.149,6.174257425742574,4.328613861386138,13.65,6.174257425742574
2023-02-12,74.087,5.656521739130435,3.8214130434782607,13.65,5.315842391304348
2023-02-13,30.456,8.22121212121212,5.768181818181818,13.65,8.22121212121212
2023-02-14,39.561,5.723333333333333,4.2330000000000005,13.65,5.723333333333333
2023-02-15,41.209,5.12909090909091,3.8623636363636367,13.65,5.12909090909091
2023-02-16,32.783,6.455813953488373,4.347441860465116,13.65,6.455813953488373
2023-02-17,28.471,6.633333333333334,4.994848484848484,13.65,6.633333333333334
2023-02-18,65.745,6.4409090909090905,4.593181818181818,13.65,6.4409090909090905
2023-02-19,48.268,6.760000000000001,4.509833333333333,13.65,6.76
2023-02-20,24.15,6.303225806451613,4.3587096774193546,13.65,6.303225806451613
2023-02-21,24.144,6.3315789473684205,4.413684210526315,13.65,6.3315789473684205
2023-02-22,31.124,6.383783783783784,4.346486486486486,13.65,6.383783783783784
2023-02-23,22.517,5.627586206896551,4.136206896551724,13.65,5.627586206896551
2023-02-25,41.824,6.1773584905660375,4.3205660377358495,13.65,6.1773584905660375
2023-02-26,34.64,5.675,3.5172916666666665,13.65,5.675
2023-02-27,13.331,7.40625,5.298125,13.65,7.40625
2023-02-28,21.011,6.493333333333334,4.148333333333333,13.65,6.493333333333334
2023-03-01,15.748,6.252173913043479,4.162173913043478,13.65,6.252173913043479
