中间数据集/按品类的日粒度时序数据集/水生根茎类.csv
日期,销量(千克),销售单价(元/千克),批发价格(元/千克),损耗率_品类,成本加成定价
2023-03-02,21.735,5.586666666666667,3.6746666666666665,13.65,5.586666666666667
2023-03-03,29.054,6.7,4.3705,13.65,6.7
2023-03-04,34.038,6.2250000000000005,4.001875,13.65,6.2250000000000005
2023-03-05,31.386,7.135135135135135,4.709189189189189,13.65,7.135135135135135
2023-03-06,18.411,12.920689655172414,9.23448275862069,13.65,12.920689655172414
2023-03-07,19.542,6.171428571428571,4.022857142857142,13.65,6.171428571428571
2023-03-08,17.906,11.885714285714286,8.243571428571428,13.65,11.885714285714286
2023-03-09,22.284,7.965217391304347,5.39,13.65,7.956413043478261
2023-03-10,21.612,11.608571428571429,8.225714285714286,13.65,11.583928571428572
2023-03-11,38.49,8.9,5.636206896551724,13.65,8.840991379310346
2023-03-12,33.314,9.537254901960784,5.781568627450981,13.65,9.389705882352942
2023-03-13,18.418,11.403333333333334,7.2780000000000005,13.65,11.327500000000002
2023-03-15,17.683,12.10689655172414,7.9365517241379315,13.65,12.046896551724139
2023-03-16,25.921,9.855263157894736,6.413684210526315,13.65,9.756907894736843
2023-03-17,46.065,9.321875,6.26046875,13.65,9.2533203125
2023-03-18,52.936,8.817777777777778,5.419444444444444,13.65,8.723888888888888
2023-03-19,41.768,9.2875,5.56765625,13.65,9.1333984375
2023-03-20,22.99,12.64375,7.766249999999999,13.65,12.4340625
2023-03-22,17.709,11.511111111111111,7.20962962962963,13.65,11.452037037037037
2023-03-23,25.455,9.971052631578948,6.346052631578948,13.65,9.902368421052632
2023-03-24,22.479,12.670454545454545,7.479318181818183,13.65,12.381022727272727
2023-03-25,40.776,12.055384615384616,7.363538461538462,13.65,11.856038461538462
2023-03-26,30.047,10.227272727272727,6.073409090909092,13.65,9.988693181818181
2023-03-27,15.436,14.065517241379311,8.312758620689655,13.65,13.742241379310345
2023-03-28,14.815999999999999,12.906060606060606,8.337272727272728,13.65,12.686666666666667
2023-03-29,23.049,10.851612903225808,6.698709677419354,13.65,10.658387096774193
2023-03-30,13.154,11.37857142857143,7.426785714285714,13.65,11.218482142857143
2023-03-31,22.161,14.713043478260872,8.918695652173913,13.65,14.108967391304349
2023-04-03,29.721,13.378181818181819,8.030181818181818,13.65,12.829772727272728
2023-04-04,14.977,9.696551724137931,5.846896551724138,13.65,9.376034482758621
2023-04-05,24.199,9.0,5.264318181818182,13.65,8.656193181818182
2023-04-06,9.889,15.51304347826087,8.809565217391304,13.65,14.710652173913045
2023-04-07,16.629,13.206451612903226,7.7783870967741935,13.65,12.700564516129033
2023-04-08,20.73,11.529411764705882,6.689411764705882,13.65,11.058235294117647
2023-04-09,30.084,13.763636363636364,7.976136363636363,13.65,13.202556818181819
2023-04-10,17.868,14.827586206896552,8.245172413793103,13.65,13.913793103448276
2023-04-11,7.577,10.65,6.670000000000001,13.65,10.175
2023-04-12,19.088,11.645714285714286,6.7459999999999996,13.65,10.999571428571429
2023-04-13,15.052000000000001,12.843478260869563,7.255217391304348,13.65,12.011413043478262
2023-04-14,26.338,12.874285714285715,7.4879999999999995,13.65,12.201571428571429
2023-04-15,28.049,12.64782608695652,7.160217391304348,13.65,11.797771739130434
2023-04-16,16.458,12.902857142857144,8.487714285714285,13.65,12.851428571428572
2023-04-17,7.066,12.773333333333335,8.857333333333335,13.65,12.737333333333334
2023-04-18,15.097,9.72,6.2445,13.65,9.648
2023-04-19,12.216,10.506666666666668,6.851333333333333,13.65,10.440833333333334
2023-04-21,28.934,9.306666666666667,7.0326666666666675,13.65,9.249611111111111
2023-04-23,10.291,12.591304347826087,8.003913043478262,13.65,12.531195652173912
2023-04-24,13.28,9.634782608695652,6.238695652173914,13.65,9.5575
2023-04-25,9.993,7.529411764705882,5.2952941176470585,13.65,7.444705882352942
2023-04-28,14.078,13.02727272727273,10.09909090909091,13.65,12.973409090909092
2023-04-29,24.692999999999998,9.963636363636365,7.096136363636364,13.65,9.900795454545454
2023-04-30,16.983,18.410810810810812,14.008378378378376,13.65,18.357432432432432
2023-05-01,22.754,14.231818181818182,10.912954545454546,13.65,14.182727272727272
2023-05-02,20.191,11.351111111111111,8.123333333333333,13.65,11.295111111111112
2023-05-03,11.586,11.389473684210527,7.805263157894736,13.65,11.33263157894737
2023-05-04,9.037,12.25,8.804583333333333,13.65,12.209375
2023-05-05,13.454,9.157142857142857,6.307499999999999,13.65,9.093303571428573
2023-05-06,17.781,8.988888888888889,6.208055555555556,13.65,8.928888888888888
2023-05-08,9.628,17.400000000000002,11.85,13.65,17.37784090909091
2023-05-09,7.406,15.9,10.334375,13.65,15.855
2023-05-10,10.336,10.0,6.473157894736842,13.65,9.886315789473684
2023-05-12,16.347,18.143589743589743,12.555128205128206,13.65,18.12128205128205
2023-05-14,15.86,15.406896551724138,10.06103448275862,13.65,15.37844827586207
2023-05-15,7.475,11.325000000000001,7.278125,13.65,11.27296875
2023-05-16,9.603,13.020000000000001,8.374500000000001,13.65,12.978375
2023-05-17,12.893,15.089655172413794,9.47551724137931,13.65,15.089655172413794
2023-05-18,8.812,14.355555555555558,9.277777777777779,13.65,14.355555555555558
2023-05-19,9.66,11.75,7.614375,13.65,11.750000000000002
2023-05-20,11.094,17.664,11.6128,13.65,17.664
2023-05-21,13.615,18.220689655172414,12.011379310344827,13.65,18.220689655172414
2023-05-22,8.411,10.228571428571428,6.818571428571429,13.65,10.228571428571428
2023-05-23,14.637,11.614814814814816,7.760740740740742,13.65,11.614814814814816
2023-05-24,9.414,16.83478260869565,11.015217391304347,13.65,16.795978260869564
2023-05-25,13.962,16.551724137931036,10.888275862068966,13.65,16.519137931034482
2023-05-26,20.081,16.972972972972972,11.028918918918919,13.65,16.963986486486487
2023-05-28,22.807,14.271698113207547,9.430754716981133,13.65,14.206320754716982
2023-05-29,12.75,13.75,9.600416666666666,13.65,13.685833333333335
2023-05-30,8.852,14.295652173913044,10.127391304347826,13.65,14.24771739130435
2023-05-31,7.86,15.911111111111113,11.476666666666667,13.65,15.87027777777778
2023-06-01,9.741,16.26086956521739,11.854347826086958,13.65,16.22891304347826
2023-06-02,11.988,16.24,11.514800000000001,13.65,16.223200000000002
2023-06-03,29.041,15.441935483870969,10.893709677419354,13.65,15.41991935483871
2023-06-05,12.58,14.016666666666667,10.255,13.65,13.991875
2023-06-06,14.408,14.866666666666667,10.847333333333331,13.65,14.840416666666668
2023-06-07,14.142,16.6,12.412,13.65,16.584833333333332
2023-06-08,9.254,15.366666666666667,11.199166666666665,13.65,15.366666666666667
2023-06-10,19.118,12.955555555555556,10.116666666666667,13.65,12.955555555555556
2023-06-11,21.247,14.729411764705883,11.562549019607845,13.65,14.729411764705883
2023-06-12,10.351,16.666666666666668,12.006111111111112,13.65,16.666666666666668
2023-06-13,12.054,14.774193548387096,11.14225806451613,13.65,14.774193548387096
2023-06-14,7.284,15.84,11.506666666666666,13.65,15.84
2023-06-15,16.733,13.497142857142856,10.452,13.65,13.497142857142856
2023-06-16,15.49,16.605128205128207,10.373589743589744,13.65,14.398461538461538
2023-06-17,22.626,13.096551724137932,9.972068965517241,13.65,13.096551724137932
2023-06-18,23.373,14.573214285714286,10.128214285714284,13.65,14.573214285714286
2023-06-19,11.51,15.4,12.322272727272725,13.65,15.4
2023-06-20,11.657,18.16551724137931,12.58,13.65,18.16551724137931
2023-06-21,27.178,16.50281690140845,12.76112676056338,13.65,16.50281690140845
2023-06-22,38.77,16.41590909090909,12.780227272727274,13.65,16.41590909090909
2023-06-23,18.677,15.72,12.364,13.65,15.72
2023-06-24,16.054,15.994871794871793,11.60025641025641,13.65,15.994871794871793
2023-06-25,16.5,15.646511627906976,13.410697674418603,13.65,15.646511627906976
2023-06-26,10.384,17.756521739130434,13.01391304347826,13.65,17.756521739130434
2023-06-28,14.946,14.02162162162162,12.52972972972973,13.65,14.02162162162162
2023-06-29,22.945,16.655555555555555,12.370000000000001,13.65,16.655555555555555
2023-06-30,19.419,14.752941176470587,12.524313725490197,13.65,14.752941176470587
2020-07-08,10.605,13.923076923076923,7.778076923076923,13.650000000000002,13.611634615384615
2020-07-30,10.645,11.965384615384616,7.377692307692309,13.650000000000002,11.845576923076923
2020-08-11,20.458,12.872340425531915,8.313829787234043,13.650000000000002,12.662500000000001
2020-08-15,25.642,12.98723404255319,8.657872340425532,13.650000000000002,12.744893617021276
2020-08-16,24.454,10.626923076923077,6.741538461538462,13.650000000000002,10.135576923076924
2020-08-25,20.062,11.757142857142858,7.674999999999999,13.650000000000002,11.437857142857142
2020-08-27,19.487000000000002,13.171428571428573,7.737142857142857,13.650000000000002,12.81642857142857
2020-08-28,20.997,13.67659574468085,7.928936170212765,13.650000000000002,13.146170212765956
2020-09-05,42.554,7.934177215189873,5.215569620253165,13.650000000000002,7.692658227848102
2020-09-11,13.364,8.692307692307692,5.4496153846153845,13.650000000000002,8.114807692307691
2020-09-13,18.739,8.952380952380953,5.473333333333334,13.650000000000002,8.292619047619047
2020-09-14,17.361,8.923076923076923,5.564615384615385,13.650000000000002,8.215
2020-09-25,22.732,9.0,6.111666666666666,13.650000000000002,9.0
2020-11-06,13.443,7.769230769230769,5.61,13.650000000000002,7.769230769230769
2020-11-23,34.987,8.0,5.6,13.650000000000002,8.0
2021-01-26,59.222,9.50253164556962,6.680632911392405,13.650000000000002,9.50253164556962
2021-02-07,101.527,10.778787878787877,7.671818181818182,13.650000000000002,10.778787878787877
2021-02-16,67.819,14.0,8.53,13.650000000000002,14.0
2021-02-25,74.027,11.796808510638298,8.06031914893617,13.650000000000002,11.796808510638296
2021-02-26,72.508,11.173033707865168,7.540224719101124,13.650000000000002,11.173033707865168
2021-03-05,35.138,9.963829787234042,6.808510638297872,13.650000000000002,9.963829787234042
2021-03-08,26.921,9.992857142857142,6.628571428571428,13.650000000000002,9.992857142857142
2021-03-16,19.772,10.446153846153846,6.738461538461538,13.650000000000002,10.446153846153846
2021-03-24,14.013,10.847619047619048,7.0528571428571425,13.650000000000002,10.847619047619048
2021-03-26,40.178,10.976923076923075,6.9253846153846155,13.650000000000002,10.976923076923079
2021-03-27,43.191,11.213461538461539,6.982307692307692,13.650000000000002,11.212788461538462
2021-03-31,19.503,11.8,7.309615384615385,13.650000000000002,11.58798076923077
2021-04-04,33.95,10.017021276595745,7.270212765957447,13.650000000000002,9.827127659574469
2021-05-10,8.06,13.053846153846154,8.915384615384616,13.650000000000002,13.053846153846154
2021-06-07,8.757,11.142857142857142,5.79,13.650000000000002,9.6625
2021-06-11,6.744,17.476190476190474,12.219047619047618,13.650000000000002,17.22738095238095
2021-06-17,9.409,14.63076923076923,9.461538461538462,13.650000000000002,14.544230769230769
2021-06-28,9.933,12.207692307692307,7.3307692307692305,13.650000000000002,11.7
2021-07-06,7.861,12.733333333333333,7.635714285714285,13.650000000000002,12.060119047619049
2021-07-14,14.182,13.615384615384615,9.36923076923077,13.650000000000002,13.222788461538462
2021-08-10,24.532,10.723076923076924,6.611538461538462,13.650000000000002,10.414423076923079
2021-08-18,54.55,8.808080808080808,6.151313131313131,13.650000000000002,8.808080808080808
2021-09-18,34.827,7.188461538461539,4.987692307692308,13.650000000000002,7.188461538461539
2021-09-22,29.818,7.359615384615385,4.880384615384615,13.650000000000002,7.359615384615385
2021-09-24,32.314,7.559615384615385,5.163076923076923,13.650000000000002,7.559615384615385
2021-10-17,56.02,6.491011235955057,4.719325842696629,13.650000000000002,6.381685393258428
2021-11-05,58.696,6.05,4.6,13.650000000000002,6.05
2021-11-06,63.927,6.195505617977528,4.664494382022472,13.650000000000002,6.176348314606742
2021-11-11,35.903,7.548076923076923,5.014807692307692,13.650000000000002,7.456682692307694
2021-11-14,53.001,7.235443037974684,4.919240506329114,13.650000000000002,7.2023417721519
2021-11-17,34.26,7.061702127659574,4.846808510638297,13.650000000000002,7.061702127659575
2021-11-25,30.299,6.212765957446808,4.775319148936171,13.650000000000002,6.175425531914894
2021-11-30,30.369,6.085106382978723,4.5842553191489355,13.650000000000002,6.013936170212767
2021-12-06,12.844,6.809523809523809,4.550476190476191,13.650000000000002,6.809523809523811
2021-12-07,31.831,6.788461538461538,4.520769230769231,13.650000000000002,6.788461538461539
2021-12-12,61.198,5.761904761904762,4.59047619047619,13.650000000000002,5.761904761904762
2021-12-30,37.37,6.0,4.493076923076923,13.650000000000002,6.0
2022-01-05,34.15,6.0,4.676923076923076,13.650000000000002,6.0
2022-01-09,59.741,6.444303797468355,4.987848101265822,13.650000000000002,6.444303797468355
2022-01-24,38.076,11.428571428571429,8.511428571428572,13.650000000000002,11.428571428571429
2022-02-06,66.88,11.685393258426966,6.897078651685393,13.650000000000002,11.685393258426966
2022-02-13,38.757,7.994230769230769,5.14173076923077,13.650000000000002,7.994230769230769
2022-02-22,25.201,8.0,5.0,13.650000000000002,8.0
2022-03-10,16.626,7.0,4.8,13.650000000000002,7.000000000000001
2022-03-18,28.674,7.788461538461538,5.518461538461538,13.650000000000002,7.691778846153847
2022-04-08,6.366,11.076923076923077,8.073076923076924,13.650000000000002,11.076923076923077
2022-04-10,18.379,8.923076923076923,6.188076923076924,13.650000000000002,8.923076923076923
2022-04-15,14.18,11.057142857142857,6.7057142857142855,13.650000000000002,11.057142857142857
2022-04-16,15.042,9.514285714285714,5.771428571428571,13.650000000000002,9.514285714285714
2022-05-04,6.398,10.661538461538461,6.286153846153846,13.650000000000002,10.620000000000001
2022-05-29,7.4399999999999995,17.415384615384617,13.149230769230769,13.650000000000002,17.415384615384617
2022-06-07,6.311999999999999,16.553846153846152,11.254615384615384,13.650000000000002,16.55326923076923
2022-07-09,44.591,17.240449438202248,10.56123595505618,13.650000000000002,16.56123595505618
2022-07-20,89.355,12.102127659574467,7.943191489361702,13.650000000000002,12.064840425531916
2022-07-21,75.92,13.404255319148936,8.912340425531914,13.650000000000002,13.32968085106383
2022-08-07,89.746,11.337614678899083,8.099816513761468,13.650000000000002,11.337614678899083
2022-08-10,89.973,10.453932584269662,7.371011235955056,13.650000000000002,10.431741573033708
2022-08-15,102.925,12.121212121212121,8.76909090909091,13.650000000000002,11.897878787878788
2022-08-18,81.503,11.011926605504586,7.927614678899083,13.650000000000002,10.797614678899084
2022-09-13,25.627,16.32857142857143,11.042380952380952,13.650000000000002,15.531428571428572
2022-09-20,14.946,8.666666666666666,6.186190476190476,13.650000000000002,8.666666666666666
2022-09-27,35.665,8.053846153846154,5.574038461538462,13.650000000000002,8.053846153846154
2022-09-28,62.641,6.89367088607595,5.038227848101266,13.650000000000002,6.89367088607595
2022-10-22,77.747,6.8382022471910116,5.010561797752809,13.650000000000002,6.6831741573033705
2022-10-26,35.475,8.293617021276596,5.475531914893616,13.650000000000002,7.859840425531916
2022-10-30,67.588,6.896808510638297,4.842340425531915,13.650000000000002,6.896808510638297
2022-11-15,31.82,8.80952380952381,5.255238095238095,13.650000000000002,7.881488095238096
2022-11-16,17.224,7.3076923076923075,4.821538461538461,13.650000000000002,7.122115384615385
2022-12-08,47.48,6.119148936170213,4.875744680851064,13.650000000000002,6.119148936170213
2022-12-10,73.28,6.95952380952381,4.940952380952381,13.650000000000002,6.949255952380954
2023-01-17,86.319,7.757142857142857,5.00547619047619,13.650000000000002,7.757142857142857
2023-01-18,84.28,8.551190476190477,5.5649999999999995,13.650000000000002,8.551190476190477
2023-01-25,97.229,7.765137614678899,5.245688073394495,13.650000000000002,7.765137614678899
2023-01-27,87.434,7.175000000000001,4.947980769230769,13.650000000000002,7.174999999999999
2023-02-07,25.653,5.931914893617021,3.930212765957447,13.650000000000002,5.7930851063829785
2023-02-24,35.391,5.948936170212766,4.327021276595745,13.650000000000002,5.948936170212766
2023-03-14,9.612,7.446153846153846,4.706153846153846,13.650000000000002,7.368076923076923
2023-03-21,12.098,16.23076923076923,9.478076923076923,13.650000000000002,15.821346153846157
2023-04-02,27.876,9.557142857142859,5.788095238095238,13.650000000000002,9.2625
2023-04-20,12.171,11.695238095238096,7.745238095238095,13.650000000000002,11.648214285714285
2023-04-22,27.103,9.119148936170212,5.930425531914894,13.650000000000002,9.0225
2023-05-07,18.818,10.085714285714285,6.875,13.650000000000002,10.027678571428572
2023-05-13,20.655,18.26666666666667,12.286190476190475,13.650000000000002,18.24345238095238
2023-05-27,24.97,14.761538461538462,10.121153846153845,13.650000000000002,14.74033653846154
2023-06-04,21.047,13.565957446808511,9.136595744680852,13.650000000000002,13.536170212765958
2023-06-27,16.454,15.306382978723404,13.388510638297872,13.650000000000002,15.306382978723404
