中间数据集/按品类的日粒度时序数据集/水生根茎类.csv
日期,销量(千克),销售单价(元/千克),批发价格(元/千克),损耗率_品类,成本加成定价
2020-08-03,15.555,13.541463414634148,8.72951219512195,13.649999999999999,13.311402439024391
2020-09-01,47.658,9.548051948051949,6.634285714285714,13.649999999999999,9.44012987012987
2020-10-06,25.784,8.195121951219512,5.805365853658536,13.649999999999999,8.114268292682928
2020-11-20,22.48,8.146341463414634,5.702439024390244,13.649999999999999,8.146341463414634
2020-12-11,55.358,6.780487804878049,5.998780487804877,13.649999999999999,6.680975609756098
2021-03-14,30.295,10.636585365853659,6.7975609756097555,13.649999999999999,10.636585365853659
2021-07-11,14.099,16.44390243902439,10.650487804878049,13.649999999999999,16.161524390243905
2021-08-06,22.376,12.848780487804877,8.404878048780487,13.649999999999999,12.848780487804877
2021-08-11,20.738,10.0,6.265121951219513,13.649999999999999,9.968841463414634
2021-08-14,27.112000000000002,8.341463414634147,6.0,13.649999999999999,8.341463414634147
2021-10-15,65.659,6.453246753246753,4.7484415584415585,13.649999999999999,6.38461038961039
2021-10-31,55.961,6.080487804878049,4.6,13.649999999999999,6.080487804878049
2021-11-19,28.706,7.0,4.8,13.649999999999999,7.000000000000002
2021-11-20,54.147,6.890243902439025,4.75829268292683,13.649999999999999,6.890243902439026
2021-12-02,25.404,6.878048780487805,4.498292682926829,13.649999999999999,6.878048780487805
2021-12-24,35.441,6.0,4.8,13.649999999999999,6.0
2022-01-02,27.438,6.0,4.525609756097561,13.649999999999999,6.0
2022-01-11,29.824,6.521951219512195,4.83390243902439,13.649999999999999,6.521951219512195
2022-02-09,30.194,9.902439024390244,6.919512195121951,13.649999999999999,9.902439024390244
2022-02-18,34.695,7.9243902439024385,5.16609756097561,13.649999999999999,7.9243902439024385
2022-03-13,28.204,7.0,4.8,13.649999999999999,7.000000000000002
2022-07-15,43.241,13.480519480519481,8.816363636363636,13.649999999999999,13.412077922077922
2022-08-25,51.219,10.116883116883116,7.7866233766233774,13.649999999999999,10.10405844155844
2022-09-08,46.658,12.103658536585366,9.70280487804878,13.649999999999999,12.103658536585366
2022-11-06,60.306,6.972727272727273,4.684675324675324,13.649999999999999,6.6234415584415585
2022-12-18,65.117,6.980487804878049,4.662682926829268,13.649999999999999,6.874542682926829
2022-12-19,67.122,7.843902439024391,5.224634146341463,13.649999999999999,7.6607317073170735
2023-01-22,39.08,7.3341463414634145,4.912682926829269,13.649999999999999,7.3341463414634145
2023-04-01,26.836,10.190243902439025,5.982926829268292,13.649999999999999,9.822317073170732
2023-06-09,15.815999999999999,11.853658536585366,9.314390243902439,13.649999999999999,11.853658536585366
